// Jest Snapshot v1, https://goo.gl/fbAQLP

exports[`snapshot test for App.js 1`] = `
<div
  className="App"
>
  <div
    className="row g-0 vh-100 justify-content-center align-items-center login-container"
  >
    <div
      className="col-10 row g-0 align-items-center border rounded-2 border-shadow bg-white"
    >
      <div
        className="d-none d-md-block col-6"
      >
        <img
          alt="Description of image"
          className="image-small"
          src="/assets/images/slack1.png"
        />
      </div>
      <form
        className="col-12 col-md-6 py-4 px-3"
        onSubmit={[Function]}
      >
        <h4
          className="login-title text-center py-2 mb-2"
        >
          Login
        </h4>
        <div
          className="form-floating mb-3"
        >
          <input
            className="form-control"
            id="email"
            onChange={[Function]}
            placeholder="name@example.com"
            required={true}
            type="email"
          />
          <label
            htmlFor="email"
          >
            Email
          </label>
        </div>
        <div
          className="form-floating mb-3"
        >
          <input
            className="form-control"
            id="password"
            onChange={[Function]}
            placeholder="password"
            required={true}
            type="password"
          />
          <label
            htmlFor="password"
          >
            Password
          </label>
        </div>
        <div
          className="text-center"
        >
          <button
            className="login-btn py-3 rounded-3"
            type="submit"
          >
            Login
          </button>
        </div>
        <div
          className="text-center mt-4"
        >
          Not Registered? 
          <a
            href="/Signup"
            onClick={[Function]}
          >
            Sign Up
          </a>
        </div>
      </form>
    </div>
  </div>
</div>
`;
